[INFO] Scanning for projects...
[INFO] 
[INFO] -----------------------< com.wiss:quiz-backend >------------------------
[INFO] Building Quiz Backend 0.0.1-SNAPSHOT
[INFO]   from pom.xml
[INFO] --------------------------------[ jar ]---------------------------------
[WARNING] The POM for io.github.cdimascio:java-dotenv:jar:0.0.1 is missing, no dependency information available
[INFO] ------------------------------------------------------------------------
[INFO] BUILD FAILURE
[INFO] ------------------------------------------------------------------------
[INFO] Total time:  2.508 s
[INFO] Finished at: 2026-03-18T09:47:57+01:00
[INFO] ------------------------------------------------------------------------
[ERROR] Failed to execute goal on project quiz-backend: Could not resolve dependencies for project com.wiss:quiz-backend:jar:0.0.1-SNAPSHOT
[ERROR] dependency: io.github.cdimascio:java-dotenv:jar:0.0.1 (compile)
[ERROR] 	io.github.cdimascio:java-dotenv:jar:0.0.1 was not found in https://repo.maven.apache.org/maven2 during a previous attempt. This failure was cached in the local repository and resolution is not reattempted until the update interval of central has elapsed or updates are forced
[ERROR] 
[ERROR] -> [Help 1]
[ERROR] 
[ERROR] To see the full stack trace of the errors, re-run Maven with the -e switch.
[ERROR] Re-run Maven using the -X switch to enable full debug logging.
[ERROR] 
[ERROR] For more information about the errors and possible solutions, please read the following articles:
[ERROR] [Help 1] http://cwiki.apache.org/confluence/display/MAVEN/DependencyResolutionException
